
> kartik-designer@1.0.0 build
> next build

  Γû▓ Next.js 14.2.35

   Creating an optimized production build ...
node.exe :  ΓÜá Compiled 
with warnings
At line:1 char:1
+ & "C:\Program 
Files\nodejs/node.exe" 
"C:\Program 
Files\nodejs/node_mo ...
+ ~~~~~~~~~~~~~~~~~~~~~~~~
~~~~~~~~~~~~~~~~~~~~~~~~~~
~~~~~~~~~~~~~~~~~~~
    + CategoryInfo        
      : NotSpecified: (   
  ΓÜá Compiled with war   
 nings:String) [], Rem    
oteException
    + FullyQualifiedError 
   Id : NativeCommandErr  
  or
 

./app/page.tsx
Attempted import error: 
'Instagram' is not 
exported from '__barrel_op
timize__?names=ArrowRight,
CheckCircle2,Instagram,Sta
r!=!lucide-react' 
(imported as 'Instagram').

Import trace for 
requested module:
./app/page.tsx

./components/ui/SiteFooter
.tsx
Attempted import error: 
'Instagram' is not 
exported from '__barrel_op
timize__?names=Facebook,In
stagram,Mail,MapPin,Phone,
Share2!=!lucide-react' 
(imported as 'Instagram').

Import trace for 
requested module:
./components/ui/SiteFooter
.tsx

./components/ui/SiteFooter
.tsx
Attempted import error: 
'Facebook' is not 
exported from '__barrel_op
timize__?names=Facebook,In
stagram,Mail,MapPin,Phone,
Share2!=!lucide-react' 
(imported as 'Facebook').

Import trace for 
requested module:
./components/ui/SiteFooter
.tsx

./components/ui/SiteFooter
.tsx
Attempted import error: 
'Instagram' is not 
exported from '__barrel_op
timize__?names=Facebook,In
stagram,Mail,MapPin,Phone,
Share2!=!lucide-react' 
(imported as 'Instagram').

Import trace for 
requested module:
./components/ui/SiteFooter
.tsx

./app/contact-us/page.tsx
Attempted import error: 
'Instagram' is not 
exported from '__barrel_op
timize__?names=Facebook,In
stagram,Mail,MapPin,Phone,
Share2!=!lucide-react' 
(imported as 'Instagram').

Import trace for 
requested module:
./app/contact-us/page.tsx

./app/contact-us/page.tsx
Attempted import error: 
'Facebook' is not 
exported from '__barrel_op
timize__?names=Facebook,In
stagram,Mail,MapPin,Phone,
Share2!=!lucide-react' 
(imported as 'Facebook').

Import trace for 
requested module:
./app/contact-us/page.tsx

<w> [webpack.cache.PackFil
eCacheStrategy] Skipped 
not serializable cache 
item 'Compilation/modules|
D:\kartik-designer\node_mo
dules\next\dist\build\webp
ack\loaders\css-loader\src
\index.js??ruleSet[1].rule
s[14].oneOf[12].use[2]!D:\
kartik-designer\node_modul
es\next\dist\build\webpack
\loaders\postcss-loader\sr
c\index.js??ruleSet[1].rul
es[14].oneOf[12].use[3]!D:
\kartik-designer\app\globa
ls.css': No serializer 
registered for 
PostCSSSyntaxError
<w> while serializing webp
ack/lib/cache/PackFileCach
eStrategy.PackContentItems
 -> 
webpack/lib/NormalModule 
-> webpack/lib/ModuleBuild
Error -> 
PostCSSSyntaxError
Failed to compile.

./app/globals.css:35:1
Syntax error: D:\kartik-de
signer\app\globals.css 
You cannot `@apply` the 
`font-script` utility 
here because it creates a 
circular dependency.

 [90m 33 | 
[39m[33m}[39m
 [90m 34 | [39m
[1m[31m>[39m[22m[90m 
35 | [39m[33m.font-scrip
t[39m [33m{[39m
 [90m    | 
[39m[1m[31m^[39m[22m
 [90m 36 | [39m  
[36m@apply[39m 
font-script[33m;[39m
 [90m 37 | 
[39m[33m}[39m

./app/globals.css
Syntax error: D:\kartik-de
signer\app\globals.css 
You cannot `@apply` the 
`font-script` utility 
here because it creates a 
circular dependency. 
(35:1)

 [90m 33 | 
[39m[33m}[39m
 [90m 34 | [39m
[1m[31m>[39m[22m[90m 
35 | [39m[33m.font-scrip
t[39m [33m{[39m
 [90m    | 
[39m[1m[31m^[39m[22m
 [90m 36 | [39m  
[36m@apply[39m 
font-script[33m;[39m
 [90m 37 | 
[39m[33m}[39m

    at 
tryRunOrWebpackError (D:\k
artik-designer\node_module
s\next\dist\compiled\webpa
ck\bundle5.js:28:312989)
    at __webpack_require_m
odule__ (D:\kartik-designe
r\node_modules\next\dist\c
ompiled\webpack\bundle5.js
:28:131165)
    at __nested_webpack_re
quire_153728__ (D:\kartik-
designer\node_modules\next
\dist\compiled\webpack\bun
dle5.js:28:130607)
    at D:\kartik-designer\
node_modules\next\dist\com
piled\webpack\bundle5.js:2
8:131454
    at symbolIterator (D:\
kartik-designer\node_modul
es\next\dist\compiled\neo-
async\async.js:1:14444)
    at done (D:\kartik-des
igner\node_modules\next\di
st\compiled\neo-async\asyn
c.js:1:14824)
    at Hook.eval [as 
callAsync] (eval at 
create (D:\kartik-designer
\node_modules\next\dist\co
mpiled\webpack\bundle5.js:
13:28858), 
<anonymous>:15:1)
    at 
Hook.CALL_ASYNC_DELEGATE 
[as _callAsync] (D:\kartik
-designer\node_modules\nex
t\dist\compiled\webpack\bu
ndle5.js:13:26012)
    at D:\kartik-designer\
node_modules\next\dist\com
piled\webpack\bundle5.js:2
8:130328
    at symbolIterator (D:\
kartik-designer\node_modul
es\next\dist\compiled\neo-
async\async.js:1:14402)
-- inner error --
Syntax error: D:\kartik-de
signer\app\globals.css 
You cannot `@apply` the 
`font-script` utility 
here because it creates a 
circular dependency. 
(35:1)

 [90m 33 | 
[39m[33m}[39m
 [90m 34 | [39m
[1m[31m>[39m[22m[90m 
35 | [39m[33m.font-scrip
t[39m [33m{[39m
 [90m    | 
[39m[1m[31m^[39m[22m
 [90m 36 | [39m  
[36m@apply[39m 
font-script[33m;[39m
 [90m 37 | 
[39m[33m}[39m

    at Object.<anonymous> 
(D:\kartik-designer\node_m
odules\next\dist\build\web
pack\loaders\css-loader\sr
c\index.js??ruleSet[1].rul
es[14].oneOf[12].use[2]!D:
\kartik-designer\node_modu
les\next\dist\build\webpac
k\loaders\postcss-loader\s
rc\index.js??ruleSet[1].ru
les[14].oneOf[12].use[3]!D
:\kartik-designer\app\glob
als.css:1:7)
    at D:\kartik-designer\
node_modules\next\dist\com
piled\webpack\bundle5.js:2
8:922493
    at Hook.eval [as 
call] (eval at create (D:\
kartik-designer\node_modul
es\next\dist\compiled\webp
ack\bundle5.js:13:28636), 
<anonymous>:7:1)
    at Hook.CALL_DELEGATE 
[as _call] (D:\kartik-desi
gner\node_modules\next\dis
t\compiled\webpack\bundle5
.js:13:25906)
    at D:\kartik-designer\
node_modules\next\dist\com
piled\webpack\bundle5.js:2
8:131198
    at 
tryRunOrWebpackError (D:\k
artik-designer\node_module
s\next\dist\compiled\webpa
ck\bundle5.js:28:312943)
    at __webpack_require_m
odule__ (D:\kartik-designe
r\node_modules\next\dist\c
ompiled\webpack\bundle5.js
:28:131165)
    at __nested_webpack_re
quire_153728__ (D:\kartik-
designer\node_modules\next
\dist\compiled\webpack\bun
dle5.js:28:130607)
    at D:\kartik-designer\
node_modules\next\dist\com
piled\webpack\bundle5.js:2
8:131454
    at symbolIterator (D:\
kartik-designer\node_modul
es\next\dist\compiled\neo-
async\async.js:1:14444)

Generated code for D:\kart
ik-designer\node_modules\n
ext\dist\build\webpack\loa
ders\css-loader\src\index.
js??ruleSet[1].rules[14].o
neOf[12].use[2]!D:\kartik-
designer\node_modules\next
\dist\build\webpack\loader
s\postcss-loader\src\index
.js??ruleSet[1].rules[14].
oneOf[12].use[3]!D:\kartik
-designer\app\globals.css

Import trace for 
requested module:
./app/globals.css


> Build failed because of 
webpack errors
